[INFO  Sun 27 Sep 2026 10:39:14 AM +03] ...zy/mason.nvim/lua/mason-core/installer/InstallRunner.lua:40: Executing installer for Package(name=tree-sitter-cli) {
  debug = false,
  force = false,
  strict = false
}
[INFO  Sun 27 Sep 2026 10:39:14 AM +03] ...zy/mason.nvim/lua/mason-core/installer/InstallRunner.lua:40: Executing installer for Package(name=stylua) {
  debug = false,
  force = false,
  strict = false
}
[INFO  Sun 27 Sep 2026 10:39:14 AM +03] ...zy/mason.nvim/lua/mason-core/installer/InstallRunner.lua:40: Executing installer for Package(name=shfmt) {
  debug = false,
  force = false,
  strict = false
}
[INFO  Sun 27 Sep 2026 10:39:14 AM +03] ...zy/mason.nvim/lua/mason-core/installer/InstallRunner.lua:93: Installation succeeded for Package(name=shfmt)
[INFO  Sun 27 Sep 2026 10:39:16 AM +03] ...zy/mason.nvim/lua/mason-core/installer/InstallRunner.lua:93: Installation succeeded for Package(name=stylua)
[INFO  Sun 27 Sep 2026 10:39:19 AM +03] ...zy/mason.nvim/lua/mason-core/installer/InstallRunner.lua:93: Installation succeeded for Package(name=tree-sitter-cli)
[INFO  Sun 27 Sep 2026 10:40:26 AM +03] ...zy/mason.nvim/lua/mason-core/installer/InstallRunner.lua:40: Executing installer for Package(name=lua-language-server) {
  debug = false,
  force = false,
  strict = false
}
[INFO  Sun 27 Sep 2026 10:40:27 AM +03] ...zy/mason.nvim/lua/mason-core/installer/InstallRunner.lua:93: Installation succeeded for Package(name=lua-language-server)
