WRN 2026-09-27T10:39:03.133 ui.7811    tui_handle_term_mode:226: TUI: terminal mode 69 unavailable, state 0
WRN 2026-09-27T10:39:03.133 ui.7811    tui_handle_term_mode:239: TUI: terminal mode 2026 detected, state 2
WRN 2026-09-27T10:39:03.133 ui.7811    tui_handle_term_mode:226: TUI: terminal mode 2027 unavailable, state 0
WRN 2026-09-27T10:39:03.134 ui.7811    tui_handle_term_mode:239: TUI: terminal mode 2031 detected, state 2
WRN 2026-09-27T10:39:03.134 ui.7811    tui_handle_term_mode:239: TUI: terminal mode 2048 detected, state 2
WRN 2026-09-27T10:39:34.064 ui.10258   tui_handle_term_mode:226: TUI: terminal mode 69 unavailable, state 0
WRN 2026-09-27T10:39:34.064 ui.10258   tui_handle_term_mode:239: TUI: terminal mode 2026 detected, state 2
WRN 2026-09-27T10:39:34.064 ui.10258   tui_handle_term_mode:226: TUI: terminal mode 2027 unavailable, state 0
WRN 2026-09-27T10:39:34.064 ui.10258   tui_handle_term_mode:239: TUI: terminal mode 2031 detected, state 2
WRN 2026-09-27T10:39:34.064 ui.10258   tui_handle_term_mode:239: TUI: terminal mode 2048 detected, state 2
WRN 2026-09-27T10:41:39.907 ui.10492   tui_handle_term_mode:226: TUI: terminal mode 69 unavailable, state 0
WRN 2026-09-27T10:41:39.907 ui.10492   tui_handle_term_mode:239: TUI: terminal mode 2026 detected, state 2
WRN 2026-09-27T10:41:39.907 ui.10492   tui_handle_term_mode:226: TUI: terminal mode 2027 unavailable, state 0
WRN 2026-09-27T10:41:39.907 ui.10492   tui_handle_term_mode:239: TUI: terminal mode 2031 detected, state 2
WRN 2026-09-27T10:41:39.907 ui.10492   tui_handle_term_mode:239: TUI: terminal mode 2048 detected, state 2
WRN 2026-09-27T10:43:20.477 ui.10634   tui_handle_term_mode:226: TUI: terminal mode 69 unavailable, state 0
WRN 2026-09-27T10:43:20.477 ui.10634   tui_handle_term_mode:239: TUI: terminal mode 2026 detected, state 2
WRN 2026-09-27T10:43:20.477 ui.10634   tui_handle_term_mode:226: TUI: terminal mode 2027 unavailable, state 0
WRN 2026-09-27T10:43:20.477 ui.10634   tui_handle_term_mode:239: TUI: terminal mode 2031 detected, state 2
WRN 2026-09-27T10:43:20.477 ui.10634   tui_handle_term_mode:239: TUI: terminal mode 2048 detected, state 2
WRN 2026-09-27T10:44:12.554 ui.10742   tui_handle_term_mode:226: TUI: terminal mode 69 unavailable, state 0
WRN 2026-09-27T10:44:12.554 ui.10742   tui_handle_term_mode:239: TUI: terminal mode 2026 detected, state 2
WRN 2026-09-27T10:44:12.555 ui.10742   tui_handle_term_mode:226: TUI: terminal mode 2027 unavailable, state 0
WRN 2026-09-27T10:44:12.555 ui.10742   tui_handle_term_mode:239: TUI: terminal mode 2031 detected, state 2
WRN 2026-09-27T10:44:12.555 ui.10742   tui_handle_term_mode:239: TUI: terminal mode 2048 detected, state 2
WRN 2026-09-27T10:44:31.264 ui.10862   tui_handle_term_mode:226: TUI: terminal mode 69 unavailable, state 0
WRN 2026-09-27T10:44:31.264 ui.10862   tui_handle_term_mode:239: TUI: terminal mode 2026 detected, state 2
WRN 2026-09-27T10:44:31.264 ui.10862   tui_handle_term_mode:226: TUI: terminal mode 2027 unavailable, state 0
WRN 2026-09-27T10:44:31.264 ui.10862   tui_handle_term_mode:239: TUI: terminal mode 2031 detected, state 2
WRN 2026-09-27T10:44:31.264 ui.10862   tui_handle_term_mode:239: TUI: terminal mode 2048 detected, state 2
WRN 2026-09-27T11:34:35.925 ui.31711   tui_handle_term_mode:226: TUI: terminal mode 69 unavailable, state 0
WRN 2026-09-27T11:34:35.925 ui.31711   tui_handle_term_mode:239: TUI: terminal mode 2026 detected, state 2
WRN 2026-09-27T11:34:35.925 ui.31711   tui_handle_term_mode:226: TUI: terminal mode 2027 unavailable, state 0
WRN 2026-09-27T11:34:35.925 ui.31711   tui_handle_term_mode:239: TUI: terminal mode 2031 detected, state 2
WRN 2026-09-27T11:34:35.925 ui.31711   tui_handle_term_mode:239: TUI: terminal mode 2048 detected, state 2
WRN 2026-09-27T11:35:08.378 ui.31812   tui_handle_term_mode:226: TUI: terminal mode 69 unavailable, state 0
WRN 2026-09-27T11:35:08.378 ui.31812   tui_handle_term_mode:239: TUI: terminal mode 2026 detected, state 2
WRN 2026-09-27T11:35:08.378 ui.31812   tui_handle_term_mode:226: TUI: terminal mode 2027 unavailable, state 0
WRN 2026-09-27T11:35:08.378 ui.31812   tui_handle_term_mode:239: TUI: terminal mode 2031 detected, state 2
WRN 2026-09-27T11:35:08.378 ui.31812   tui_handle_term_mode:239: TUI: terminal mode 2048 detected, state 2
WRN 2026-09-27T11:35:50.792 ui.31906   tui_handle_term_mode:226: TUI: terminal mode 69 unavailable, state 0
WRN 2026-09-27T11:35:50.792 ui.31906   tui_handle_term_mode:239: TUI: terminal mode 2026 detected, state 2
WRN 2026-09-27T11:35:50.792 ui.31906   tui_handle_term_mode:226: TUI: terminal mode 2027 unavailable, state 0
WRN 2026-09-27T11:35:50.792 ui.31906   tui_handle_term_mode:239: TUI: terminal mode 2031 detected, state 2
WRN 2026-09-27T11:35:50.792 ui.31906   tui_handle_term_mode:239: TUI: terminal mode 2048 detected, state 2
WRN 2026-09-27T11:37:27.229 ui.32077   tui_handle_term_mode:226: TUI: terminal mode 69 unavailable, state 0
WRN 2026-09-27T11:37:27.229 ui.32077   tui_handle_term_mode:239: TUI: terminal mode 2026 detected, state 2
WRN 2026-09-27T11:37:27.229 ui.32077   tui_handle_term_mode:226: TUI: terminal mode 2027 unavailable, state 0
WRN 2026-09-27T11:37:27.229 ui.32077   tui_handle_term_mode:239: TUI: terminal mode 2031 detected, state 2
WRN 2026-09-27T11:37:27.229 ui.32077   tui_handle_term_mode:239: TUI: terminal mode 2048 detected, state 2
WRN 2026-09-27T11:38:13.298 ui.32179   tui_handle_term_mode:226: TUI: terminal mode 69 unavailable, state 0
WRN 2026-09-27T11:38:13.298 ui.32179   tui_handle_term_mode:239: TUI: terminal mode 2026 detected, state 2
WRN 2026-09-27T11:38:13.298 ui.32179   tui_handle_term_mode:226: TUI: terminal mode 2027 unavailable, state 0
WRN 2026-09-27T11:38:13.298 ui.32179   tui_handle_term_mode:239: TUI: terminal mode 2031 detected, state 2
WRN 2026-09-27T11:38:13.298 ui.32179   tui_handle_term_mode:239: TUI: terminal mode 2048 detected, state 2
WRN 2026-09-27T11:39:08.668 ui.32383   tui_handle_term_mode:226: TUI: terminal mode 69 unavailable, state 0
WRN 2026-09-27T11:39:08.668 ui.32383   tui_handle_term_mode:239: TUI: terminal mode 2026 detected, state 2
WRN 2026-09-27T11:39:08.668 ui.32383   tui_handle_term_mode:226: TUI: terminal mode 2027 unavailable, state 0
WRN 2026-09-27T11:39:08.668 ui.32383   tui_handle_term_mode:239: TUI: terminal mode 2031 detected, state 2
WRN 2026-09-27T11:39:08.668 ui.32383   tui_handle_term_mode:239: TUI: terminal mode 2048 detected, state 2
WRN 2026-09-27T21:28:14.133 ui.19962   tui_handle_term_mode:226: TUI: terminal mode 69 unavailable, state 0
WRN 2026-09-27T21:28:14.133 ui.19962   tui_handle_term_mode:239: TUI: terminal mode 2026 detected, state 2
WRN 2026-09-27T21:28:14.133 ui.19962   tui_handle_term_mode:226: TUI: terminal mode 2027 unavailable, state 0
WRN 2026-09-27T21:28:14.133 ui.19962   tui_handle_term_mode:239: TUI: terminal mode 2031 detected, state 2
WRN 2026-09-27T21:28:14.133 ui.19962   tui_handle_term_mode:239: TUI: terminal mode 2048 detected, state 2
WRN 2026-09-28T14:18:34.311 ui.3293    tui_handle_term_mode:226: TUI: terminal mode 69 unavailable, state 0
WRN 2026-09-28T14:18:34.311 ui.3293    tui_handle_term_mode:239: TUI: terminal mode 2026 detected, state 2
WRN 2026-09-28T14:18:34.311 ui.3293    tui_handle_term_mode:226: TUI: terminal mode 2027 unavailable, state 0
WRN 2026-09-28T14:18:34.311 ui.3293    tui_handle_term_mode:239: TUI: terminal mode 2031 detected, state 2
WRN 2026-09-28T14:18:34.311 ui.3293    tui_handle_term_mode:239: TUI: terminal mode 2048 detected, state 2
WRN 2026-09-28T16:47:58.771 ui.27595   tui_handle_term_mode:226: TUI: terminal mode 69 unavailable, state 0
WRN 2026-09-28T16:47:58.771 ui.27595   tui_handle_term_mode:239: TUI: terminal mode 2026 detected, state 2
WRN 2026-09-28T16:47:58.771 ui.27595   tui_handle_term_mode:226: TUI: terminal mode 2027 unavailable, state 0
WRN 2026-09-28T16:47:58.771 ui.27595   tui_handle_term_mode:239: TUI: terminal mode 2031 detected, state 2
WRN 2026-09-28T16:47:58.771 ui.27595   tui_handle_term_mode:239: TUI: terminal mode 2048 detected, state 2
WRN 2026-09-28T16:50:08.515 ui.28621   tui_handle_term_mode:226: TUI: terminal mode 69 unavailable, state 0
WRN 2026-09-28T16:50:08.515 ui.28621   tui_handle_term_mode:239: TUI: terminal mode 2026 detected, state 2
WRN 2026-09-28T16:50:08.515 ui.28621   tui_handle_term_mode:226: TUI: terminal mode 2027 unavailable, state 0
WRN 2026-09-28T16:50:08.515 ui.28621   tui_handle_term_mode:239: TUI: terminal mode 2031 detected, state 2
WRN 2026-09-28T16:50:08.515 ui.28621   tui_handle_term_mode:239: TUI: terminal mode 2048 detected, state 2
WRN 2026-09-28T17:00:07.097 ui.29797   tui_handle_term_mode:226: TUI: terminal mode 69 unavailable, state 0
WRN 2026-09-28T17:00:07.097 ui.29797   tui_handle_term_mode:239: TUI: terminal mode 2026 detected, state 2
WRN 2026-09-28T17:00:07.097 ui.29797   tui_handle_term_mode:226: TUI: terminal mode 2027 unavailable, state 0
WRN 2026-09-28T17:00:07.097 ui.29797   tui_handle_term_mode:239: TUI: terminal mode 2031 detected, state 2
WRN 2026-09-28T17:00:07.097 ui.29797   tui_handle_term_mode:239: TUI: terminal mode 2048 detected, state 2
WRN 2026-09-28T17:02:40.676 ui.30613   tui_handle_term_mode:226: TUI: terminal mode 69 unavailable, state 0
WRN 2026-09-28T17:02:40.676 ui.30613   tui_handle_term_mode:239: TUI: terminal mode 2026 detected, state 2
WRN 2026-09-28T17:02:40.676 ui.30613   tui_handle_term_mode:226: TUI: terminal mode 2027 unavailable, state 0
WRN 2026-09-28T17:02:40.676 ui.30613   tui_handle_term_mode:239: TUI: terminal mode 2031 detected, state 2
WRN 2026-09-28T17:02:40.676 ui.30613   tui_handle_term_mode:239: TUI: terminal mode 2048 detected, state 2
WRN 2026-09-28T17:32:11.582 ui.36279   tui_handle_term_mode:226: TUI: terminal mode 69 unavailable, state 0
WRN 2026-09-28T17:32:11.582 ui.36279   tui_handle_term_mode:239: TUI: terminal mode 2026 detected, state 2
WRN 2026-09-28T17:32:11.582 ui.36279   tui_handle_term_mode:226: TUI: terminal mode 2027 unavailable, state 0
WRN 2026-09-28T17:32:11.582 ui.36279   tui_handle_term_mode:239: TUI: terminal mode 2031 detected, state 2
WRN 2026-09-28T17:32:11.582 ui.36279   tui_handle_term_mode:239: TUI: terminal mode 2048 detected, state 2
WRN 2026-09-28T18:25:33.432 ui.51513   tui_handle_term_mode:226: TUI: terminal mode 69 unavailable, state 0
WRN 2026-09-28T18:25:33.432 ui.51513   tui_handle_term_mode:239: TUI: terminal mode 2026 detected, state 2
WRN 2026-09-28T18:25:33.432 ui.51513   tui_handle_term_mode:226: TUI: terminal mode 2027 unavailable, state 0
WRN 2026-09-28T18:25:33.432 ui.51513   tui_handle_term_mode:239: TUI: terminal mode 2031 detected, state 2
WRN 2026-09-28T18:25:33.432 ui.51513   tui_handle_term_mode:239: TUI: terminal mode 2048 detected, state 2
WRN 2026-09-28T18:52:16.516 ui.4350    tui_handle_term_mode:226: TUI: terminal mode 69 unavailable, state 0
WRN 2026-09-28T18:52:16.517 ui.4350    tui_handle_term_mode:239: TUI: terminal mode 2026 detected, state 2
WRN 2026-09-28T18:52:16.517 ui.4350    tui_handle_term_mode:226: TUI: terminal mode 2027 unavailable, state 0
WRN 2026-09-28T18:52:16.517 ui.4350    tui_handle_term_mode:239: TUI: terminal mode 2031 detected, state 2
WRN 2026-09-28T18:52:16.517 ui.4350    tui_handle_term_mode:239: TUI: terminal mode 2048 detected, state 2
WRN 2026-09-28T19:13:05.474 ui.16798   tui_handle_term_mode:226: TUI: terminal mode 69 unavailable, state 0
WRN 2026-09-28T19:13:05.474 ui.16798   tui_handle_term_mode:239: TUI: terminal mode 2026 detected, state 2
WRN 2026-09-28T19:13:05.474 ui.16798   tui_handle_term_mode:226: TUI: terminal mode 2027 unavailable, state 0
WRN 2026-09-28T19:13:05.474 ui.16798   tui_handle_term_mode:239: TUI: terminal mode 2031 detected, state 2
WRN 2026-09-28T19:13:05.474 ui.16798   tui_handle_term_mode:239: TUI: terminal mode 2048 detected, state 2
WRN 2026-09-28T20:09:51.383 ui.24146   tui_handle_term_mode:226: TUI: terminal mode 69 unavailable, state 0
WRN 2026-09-28T20:09:51.383 ui.24146   tui_handle_term_mode:239: TUI: terminal mode 2026 detected, state 2
WRN 2026-09-28T20:09:51.383 ui.24146   tui_handle_term_mode:226: TUI: terminal mode 2027 unavailable, state 0
WRN 2026-09-28T20:09:51.383 ui.24146   tui_handle_term_mode:239: TUI: terminal mode 2031 detected, state 2
WRN 2026-09-28T20:09:51.384 ui.24146   tui_handle_term_mode:239: TUI: terminal mode 2048 detected, state 2
WRN 2026-09-28T20:15:06.127 ui.25117   tui_handle_term_mode:226: TUI: terminal mode 69 unavailable, state 0
WRN 2026-09-28T20:15:06.127 ui.25117   tui_handle_term_mode:239: TUI: terminal mode 2026 detected, state 2
WRN 2026-09-28T20:15:06.128 ui.25117   tui_handle_term_mode:226: TUI: terminal mode 2027 unavailable, state 0
WRN 2026-09-28T20:15:06.128 ui.25117   tui_handle_term_mode:239: TUI: terminal mode 2031 detected, state 2
WRN 2026-09-28T20:15:06.128 ui.25117   tui_handle_term_mode:239: TUI: terminal mode 2048 detected, state 2
WRN 2026-09-28T20:18:07.964 ui.25399   tui_handle_term_mode:226: TUI: terminal mode 69 unavailable, state 0
WRN 2026-09-28T20:18:07.964 ui.25399   tui_handle_term_mode:239: TUI: terminal mode 2026 detected, state 2
WRN 2026-09-28T20:18:07.964 ui.25399   tui_handle_term_mode:226: TUI: terminal mode 2027 unavailable, state 0
WRN 2026-09-28T20:18:07.964 ui.25399   tui_handle_term_mode:239: TUI: terminal mode 2031 detected, state 2
WRN 2026-09-28T20:18:07.964 ui.25399   tui_handle_term_mode:239: TUI: terminal mode 2048 detected, state 2
WRN 2026-09-28T20:23:09.458 ui.26658   tui_handle_term_mode:226: TUI: terminal mode 69 unavailable, state 0
WRN 2026-09-28T20:23:09.458 ui.26658   tui_handle_term_mode:239: TUI: terminal mode 2026 detected, state 2
WRN 2026-09-28T20:23:09.458 ui.26658   tui_handle_term_mode:226: TUI: terminal mode 2027 unavailable, state 0
WRN 2026-09-28T20:23:09.458 ui.26658   tui_handle_term_mode:239: TUI: terminal mode 2031 detected, state 2
WRN 2026-09-28T20:23:09.458 ui.26658   tui_handle_term_mode:239: TUI: terminal mode 2048 detected, state 2
WRN 2026-09-28T20:24:39.264 ui.27186   tui_handle_term_mode:226: TUI: terminal mode 69 unavailable, state 0
WRN 2026-09-28T20:24:39.264 ui.27186   tui_handle_term_mode:239: TUI: terminal mode 2026 detected, state 2
WRN 2026-09-28T20:24:39.264 ui.27186   tui_handle_term_mode:226: TUI: terminal mode 2027 unavailable, state 0
WRN 2026-09-28T20:24:39.264 ui.27186   tui_handle_term_mode:239: TUI: terminal mode 2031 detected, state 2
WRN 2026-09-28T20:24:39.264 ui.27186   tui_handle_term_mode:239: TUI: terminal mode 2048 detected, state 2
WRN 2026-09-28T20:27:00.904 ui.27323   tui_handle_term_mode:226: TUI: terminal mode 69 unavailable, state 0
WRN 2026-09-28T20:27:00.904 ui.27323   tui_handle_term_mode:239: TUI: terminal mode 2026 detected, state 2
WRN 2026-09-28T20:27:00.904 ui.27323   tui_handle_term_mode:226: TUI: terminal mode 2027 unavailable, state 0
WRN 2026-09-28T20:27:00.904 ui.27323   tui_handle_term_mode:239: TUI: terminal mode 2031 detected, state 2
WRN 2026-09-28T20:27:00.904 ui.27323   tui_handle_term_mode:239: TUI: terminal mode 2048 detected, state 2
WRN 2026-09-28T20:27:26.228 ui.27738   tui_handle_term_mode:226: TUI: terminal mode 69 unavailable, state 0
WRN 2026-09-28T20:27:26.228 ui.27738   tui_handle_term_mode:239: TUI: terminal mode 2026 detected, state 2
WRN 2026-09-28T20:27:26.228 ui.27738   tui_handle_term_mode:226: TUI: terminal mode 2027 unavailable, state 0
WRN 2026-09-28T20:27:26.228 ui.27738   tui_handle_term_mode:239: TUI: terminal mode 2031 detected, state 2
WRN 2026-09-28T20:27:26.228 ui.27738   tui_handle_term_mode:239: TUI: terminal mode 2048 detected, state 2
WRN 2026-09-28T20:28:20.001 ui.28200   tui_handle_term_mode:226: TUI: terminal mode 69 unavailable, state 0
WRN 2026-09-28T20:28:20.001 ui.28200   tui_handle_term_mode:239: TUI: terminal mode 2026 detected, state 2
WRN 2026-09-28T20:28:20.001 ui.28200   tui_handle_term_mode:226: TUI: terminal mode 2027 unavailable, state 0
WRN 2026-09-28T20:28:20.001 ui.28200   tui_handle_term_mode:239: TUI: terminal mode 2031 detected, state 2
WRN 2026-09-28T20:28:20.001 ui.28200   tui_handle_term_mode:239: TUI: terminal mode 2048 detected, state 2
WRN 2026-09-28T20:29:59.771 ui.29414   tui_handle_term_mode:226: TUI: terminal mode 69 unavailable, state 0
WRN 2026-09-28T20:29:59.771 ui.29414   tui_handle_term_mode:239: TUI: terminal mode 2026 detected, state 2
WRN 2026-09-28T20:29:59.771 ui.29414   tui_handle_term_mode:226: TUI: terminal mode 2027 unavailable, state 0
WRN 2026-09-28T20:29:59.771 ui.29414   tui_handle_term_mode:239: TUI: terminal mode 2031 detected, state 2
WRN 2026-09-28T20:29:59.771 ui.29414   tui_handle_term_mode:239: TUI: terminal mode 2048 detected, state 2
WRN 2026-09-28T20:30:25.210 ui.29880   tui_handle_term_mode:226: TUI: terminal mode 69 unavailable, state 0
WRN 2026-09-28T20:30:25.210 ui.29880   tui_handle_term_mode:239: TUI: terminal mode 2026 detected, state 2
WRN 2026-09-28T20:30:25.210 ui.29880   tui_handle_term_mode:226: TUI: terminal mode 2027 unavailable, state 0
WRN 2026-09-28T20:30:25.210 ui.29880   tui_handle_term_mode:239: TUI: terminal mode 2031 detected, state 2
WRN 2026-09-28T20:30:25.210 ui.29880   tui_handle_term_mode:239: TUI: terminal mode 2048 detected, state 2
WRN 2026-09-29T06:47:15.090 ui.2706    tui_handle_term_mode:226: TUI: terminal mode 69 unavailable, state 0
WRN 2026-09-29T06:47:15.091 ui.2706    tui_handle_term_mode:239: TUI: terminal mode 2026 detected, state 2
WRN 2026-09-29T06:47:15.091 ui.2706    tui_handle_term_mode:226: TUI: terminal mode 2027 unavailable, state 0
WRN 2026-09-29T06:47:15.091 ui.2706    tui_handle_term_mode:239: TUI: terminal mode 2031 detected, state 2
WRN 2026-09-29T06:47:15.091 ui.2706    tui_handle_term_mode:239: TUI: terminal mode 2048 detected, state 2
WRN 2026-09-29T06:49:08.965 ui.3618    tui_handle_term_mode:226: TUI: terminal mode 69 unavailable, state 0
WRN 2026-09-29T06:49:08.965 ui.3618    tui_handle_term_mode:239: TUI: terminal mode 2026 detected, state 2
WRN 2026-09-29T06:49:08.965 ui.3618    tui_handle_term_mode:226: TUI: terminal mode 2027 unavailable, state 0
WRN 2026-09-29T06:49:08.965 ui.3618    tui_handle_term_mode:239: TUI: terminal mode 2031 detected, state 2
WRN 2026-09-29T06:49:08.965 ui.3618    tui_handle_term_mode:239: TUI: terminal mode 2048 detected, state 2
WRN 2026-09-29T08:26:50.011 ui.32319   tui_handle_term_mode:226: TUI: terminal mode 69 unavailable, state 0
WRN 2026-09-29T08:26:50.011 ui.32319   tui_handle_term_mode:239: TUI: terminal mode 2026 detected, state 2
WRN 2026-09-29T08:26:50.011 ui.32319   tui_handle_term_mode:226: TUI: terminal mode 2027 unavailable, state 0
WRN 2026-09-29T08:26:50.011 ui.32319   tui_handle_term_mode:239: TUI: terminal mode 2031 detected, state 2
WRN 2026-09-29T08:26:50.011 ui.32319   tui_handle_term_mode:239: TUI: terminal mode 2048 detected, state 2
WRN 2026-09-29T08:45:36.441 ui.1421    tui_handle_term_mode:226: TUI: terminal mode 69 unavailable, state 0
WRN 2026-09-29T08:45:36.441 ui.1421    tui_handle_term_mode:239: TUI: terminal mode 2026 detected, state 2
WRN 2026-09-29T08:45:36.441 ui.1421    tui_handle_term_mode:226: TUI: terminal mode 2027 unavailable, state 0
WRN 2026-09-29T08:45:36.441 ui.1421    tui_handle_term_mode:239: TUI: terminal mode 2031 detected, state 2
WRN 2026-09-29T08:45:36.441 ui.1421    tui_handle_term_mode:239: TUI: terminal mode 2048 detected, state 2
WRN 2026-09-29T11:12:02.298 ui.83605   tui_handle_term_mode:226: TUI: terminal mode 69 unavailable, state 0
WRN 2026-09-29T11:12:02.298 ui.83605   tui_handle_term_mode:239: TUI: terminal mode 2026 detected, state 2
WRN 2026-09-29T11:12:02.298 ui.83605   tui_handle_term_mode:226: TUI: terminal mode 2027 unavailable, state 0
WRN 2026-09-29T11:12:02.298 ui.83605   tui_handle_term_mode:239: TUI: terminal mode 2031 detected, state 2
WRN 2026-09-29T11:12:02.298 ui.83605   tui_handle_term_mode:239: TUI: terminal mode 2048 detected, state 2
WRN 2026-09-29T11:13:26.699 ui.84892   tui_handle_term_mode:226: TUI: terminal mode 69 unavailable, state 0
WRN 2026-09-29T11:13:26.699 ui.84892   tui_handle_term_mode:239: TUI: terminal mode 2026 detected, state 2
WRN 2026-09-29T11:13:26.699 ui.84892   tui_handle_term_mode:226: TUI: terminal mode 2027 unavailable, state 0
WRN 2026-09-29T11:13:26.699 ui.84892   tui_handle_term_mode:239: TUI: terminal mode 2031 detected, state 2
WRN 2026-09-29T11:13:26.699 ui.84892   tui_handle_term_mode:239: TUI: terminal mode 2048 detected, state 2
WRN 2026-09-30T07:36:17.414 ui.521580  tui_handle_term_mode:226: TUI: terminal mode 69 unavailable, state 0
WRN 2026-09-30T07:36:17.415 ui.521580  tui_handle_term_mode:239: TUI: terminal mode 2026 detected, state 2
WRN 2026-09-30T07:36:17.415 ui.521580  tui_handle_term_mode:226: TUI: terminal mode 2027 unavailable, state 0
WRN 2026-09-30T07:36:17.415 ui.521580  tui_handle_term_mode:239: TUI: terminal mode 2031 detected, state 2
WRN 2026-09-30T07:36:17.415 ui.521580  tui_handle_term_mode:239: TUI: terminal mode 2048 detected, state 2
WRN 2026-09-30T19:02:02.113 ui.740806  tui_handle_term_mode:226: TUI: terminal mode 69 unavailable, state 0
WRN 2026-09-30T19:02:02.113 ui.740806  tui_handle_term_mode:239: TUI: terminal mode 2026 detected, state 2
WRN 2026-09-30T19:02:02.113 ui.740806  tui_handle_term_mode:226: TUI: terminal mode 2027 unavailable, state 0
WRN 2026-09-30T19:02:02.113 ui.740806  tui_handle_term_mode:239: TUI: terminal mode 2031 detected, state 2
WRN 2026-09-30T19:02:02.113 ui.740806  tui_handle_term_mode:239: TUI: terminal mode 2048 detected, state 2
WRN 2026-09-30T19:04:16.152 ui.741716  tui_handle_term_mode:226: TUI: terminal mode 69 unavailable, state 0
WRN 2026-09-30T19:04:16.152 ui.741716  tui_handle_term_mode:239: TUI: terminal mode 2026 detected, state 2
WRN 2026-09-30T19:04:16.152 ui.741716  tui_handle_term_mode:226: TUI: terminal mode 2027 unavailable, state 0
WRN 2026-09-30T19:04:16.152 ui.741716  tui_handle_term_mode:239: TUI: terminal mode 2031 detected, state 2
WRN 2026-09-30T19:04:16.152 ui.741716  tui_handle_term_mode:239: TUI: terminal mode 2048 detected, state 2
WRN 2026-09-30T19:05:05.053 ui.741974  tui_handle_term_mode:226: TUI: terminal mode 69 unavailable, state 0
WRN 2026-09-30T19:05:05.053 ui.741974  tui_handle_term_mode:239: TUI: terminal mode 2026 detected, state 2
WRN 2026-09-30T19:05:05.053 ui.741974  tui_handle_term_mode:226: TUI: terminal mode 2027 unavailable, state 0
WRN 2026-09-30T19:05:05.053 ui.741974  tui_handle_term_mode:239: TUI: terminal mode 2031 detected, state 2
WRN 2026-09-30T19:05:05.053 ui.741974  tui_handle_term_mode:239: TUI: terminal mode 2048 detected, state 2
WRN 2026-09-30T19:30:13.966 ui.749304  tui_handle_term_mode:226: TUI: terminal mode 69 unavailable, state 0
WRN 2026-09-30T19:30:13.966 ui.749304  tui_handle_term_mode:239: TUI: terminal mode 2026 detected, state 2
WRN 2026-09-30T19:30:13.966 ui.749304  tui_handle_term_mode:226: TUI: terminal mode 2027 unavailable, state 0
WRN 2026-09-30T19:30:13.966 ui.749304  tui_handle_term_mode:239: TUI: terminal mode 2031 detected, state 2
WRN 2026-09-30T19:30:13.966 ui.749304  tui_handle_term_mode:239: TUI: terminal mode 2048 detected, state 2
WRN 2026-09-30T19:34:00.655 ui.750621  tui_handle_term_mode:226: TUI: terminal mode 69 unavailable, state 0
WRN 2026-09-30T19:34:00.655 ui.750621  tui_handle_term_mode:239: TUI: terminal mode 2026 detected, state 2
WRN 2026-09-30T19:34:00.655 ui.750621  tui_handle_term_mode:226: TUI: terminal mode 2027 unavailable, state 0
WRN 2026-09-30T19:34:00.655 ui.750621  tui_handle_term_mode:239: TUI: terminal mode 2031 detected, state 2
WRN 2026-09-30T19:34:00.655 ui.750621  tui_handle_term_mode:239: TUI: terminal mode 2048 detected, state 2
WRN 2026-09-30T19:35:08.162 ui.751010  tui_handle_term_mode:226: TUI: terminal mode 69 unavailable, state 0
WRN 2026-09-30T19:35:08.162 ui.751010  tui_handle_term_mode:239: TUI: terminal mode 2026 detected, state 2
WRN 2026-09-30T19:35:08.162 ui.751010  tui_handle_term_mode:226: TUI: terminal mode 2027 unavailable, state 0
WRN 2026-09-30T19:35:08.162 ui.751010  tui_handle_term_mode:239: TUI: terminal mode 2031 detected, state 2
WRN 2026-09-30T19:35:08.162 ui.751010  tui_handle_term_mode:239: TUI: terminal mode 2048 detected, state 2
WRN 2026-09-30T19:36:10.030 ui.751366  tui_handle_term_mode:226: TUI: terminal mode 69 unavailable, state 0
WRN 2026-09-30T19:36:10.030 ui.751366  tui_handle_term_mode:239: TUI: terminal mode 2026 detected, state 2
WRN 2026-09-30T19:36:10.030 ui.751366  tui_handle_term_mode:226: TUI: terminal mode 2027 unavailable, state 0
WRN 2026-09-30T19:36:10.030 ui.751366  tui_handle_term_mode:239: TUI: terminal mode 2031 detected, state 2
WRN 2026-09-30T19:36:10.031 ui.751366  tui_handle_term_mode:239: TUI: terminal mode 2048 detected, state 2
WRN 2026-09-30T19:36:30.988 ui.751512  tui_handle_term_mode:226: TUI: terminal mode 69 unavailable, state 0
WRN 2026-09-30T19:36:30.988 ui.751512  tui_handle_term_mode:239: TUI: terminal mode 2026 detected, state 2
WRN 2026-09-30T19:36:30.988 ui.751512  tui_handle_term_mode:226: TUI: terminal mode 2027 unavailable, state 0
WRN 2026-09-30T19:36:30.988 ui.751512  tui_handle_term_mode:239: TUI: terminal mode 2031 detected, state 2
WRN 2026-09-30T19:36:30.988 ui.751512  tui_handle_term_mode:239: TUI: terminal mode 2048 detected, state 2
WRN 2026-09-30T19:40:11.045 ui.752641  tui_handle_term_mode:226: TUI: terminal mode 69 unavailable, state 0
WRN 2026-09-30T19:40:11.045 ui.752641  tui_handle_term_mode:239: TUI: terminal mode 2026 detected, state 2
WRN 2026-09-30T19:40:11.045 ui.752641  tui_handle_term_mode:226: TUI: terminal mode 2027 unavailable, state 0
WRN 2026-09-30T19:40:11.045 ui.752641  tui_handle_term_mode:239: TUI: terminal mode 2031 detected, state 2
WRN 2026-09-30T19:40:11.045 ui.752641  tui_handle_term_mode:239: TUI: terminal mode 2048 detected, state 2
WRN 2026-09-30T19:40:49.930 ui.752868  tui_handle_term_mode:226: TUI: terminal mode 69 unavailable, state 0
WRN 2026-09-30T19:40:49.930 ui.752868  tui_handle_term_mode:239: TUI: terminal mode 2026 detected, state 2
WRN 2026-09-30T19:40:49.930 ui.752868  tui_handle_term_mode:226: TUI: terminal mode 2027 unavailable, state 0
WRN 2026-09-30T19:40:49.930 ui.752868  tui_handle_term_mode:239: TUI: terminal mode 2031 detected, state 2
WRN 2026-09-30T19:40:49.930 ui.752868  tui_handle_term_mode:239: TUI: terminal mode 2048 detected, state 2
WRN 2026-09-30T19:42:50.203 ui.754777  tui_handle_term_mode:226: TUI: terminal mode 69 unavailable, state 0
WRN 2026-09-30T19:42:50.203 ui.754777  tui_handle_term_mode:239: TUI: terminal mode 2026 detected, state 2
WRN 2026-09-30T19:42:50.203 ui.754777  tui_handle_term_mode:226: TUI: terminal mode 2027 unavailable, state 0
WRN 2026-09-30T19:42:50.203 ui.754777  tui_handle_term_mode:239: TUI: terminal mode 2031 detected, state 2
WRN 2026-09-30T19:42:50.203 ui.754777  tui_handle_term_mode:239: TUI: terminal mode 2048 detected, state 2
WRN 2026-10-02T07:37:31.102 ui.28883   tui_handle_term_mode:226: TUI: terminal mode 69 unavailable, state 0
WRN 2026-10-02T07:37:31.102 ui.28883   tui_handle_term_mode:239: TUI: terminal mode 2026 detected, state 2
WRN 2026-10-02T07:37:31.102 ui.28883   tui_handle_term_mode:226: TUI: terminal mode 2027 unavailable, state 0
WRN 2026-10-02T07:37:31.102 ui.28883   tui_handle_term_mode:239: TUI: terminal mode 2031 detected, state 2
WRN 2026-10-02T07:37:31.102 ui.28883   tui_handle_term_mode:239: TUI: terminal mode 2048 detected, state 2
WRN 2026-10-02T14:18:37.203 ui.135278  tui_handle_term_mode:226: TUI: terminal mode 69 unavailable, state 0
WRN 2026-10-02T14:18:37.203 ui.135278  tui_handle_term_mode:239: TUI: terminal mode 2026 detected, state 2
WRN 2026-10-02T14:18:37.203 ui.135278  tui_handle_term_mode:226: TUI: terminal mode 2027 unavailable, state 0
WRN 2026-10-02T14:18:37.203 ui.135278  tui_handle_term_mode:239: TUI: terminal mode 2031 detected, state 2
WRN 2026-10-02T14:18:37.203 ui.135278  tui_handle_term_mode:239: TUI: terminal mode 2048 detected, state 2
WRN 2026-10-02T14:18:48.882 ui.135707  tui_handle_term_mode:226: TUI: terminal mode 69 unavailable, state 0
WRN 2026-10-02T14:18:48.882 ui.135707  tui_handle_term_mode:239: TUI: terminal mode 2026 detected, state 2
WRN 2026-10-02T14:18:48.882 ui.135707  tui_handle_term_mode:226: TUI: terminal mode 2027 unavailable, state 0
WRN 2026-10-02T14:18:48.882 ui.135707  tui_handle_term_mode:239: TUI: terminal mode 2031 detected, state 2
WRN 2026-10-02T14:18:48.882 ui.135707  tui_handle_term_mode:239: TUI: terminal mode 2048 detected, state 2
WRN 2026-10-02T14:40:25.168 ui.147024  tui_handle_term_mode:226: TUI: terminal mode 69 unavailable, state 0
WRN 2026-10-02T14:40:25.168 ui.147024  tui_handle_term_mode:239: TUI: terminal mode 2026 detected, state 2
WRN 2026-10-02T14:40:25.168 ui.147024  tui_handle_term_mode:226: TUI: terminal mode 2027 unavailable, state 0
WRN 2026-10-02T14:40:25.168 ui.147024  tui_handle_term_mode:239: TUI: terminal mode 2031 detected, state 2
WRN 2026-10-02T14:40:25.168 ui.147024  tui_handle_term_mode:239: TUI: terminal mode 2048 detected, state 2
WRN 2026-10-02T14:40:44.792 ui.147196  tui_handle_term_mode:226: TUI: terminal mode 69 unavailable, state 0
WRN 2026-10-02T14:40:44.792 ui.147196  tui_handle_term_mode:239: TUI: terminal mode 2026 detected, state 2
WRN 2026-10-02T14:40:44.792 ui.147196  tui_handle_term_mode:226: TUI: terminal mode 2027 unavailable, state 0
WRN 2026-10-02T14:40:44.792 ui.147196  tui_handle_term_mode:239: TUI: terminal mode 2031 detected, state 2
WRN 2026-10-02T14:40:44.792 ui.147196  tui_handle_term_mode:239: TUI: terminal mode 2048 detected, state 2
WRN 2026-10-02T14:44:33.862 ui.2440    tui_handle_term_mode:226: TUI: terminal mode 69 unavailable, state 0
WRN 2026-10-02T14:44:33.862 ui.2440    tui_handle_term_mode:239: TUI: terminal mode 2026 detected, state 2
WRN 2026-10-02T14:44:33.862 ui.2440    tui_handle_term_mode:226: TUI: terminal mode 2027 unavailable, state 0
WRN 2026-10-02T14:44:33.862 ui.2440    tui_handle_term_mode:239: TUI: terminal mode 2031 detected, state 2
WRN 2026-10-02T14:44:33.862 ui.2440    tui_handle_term_mode:239: TUI: terminal mode 2048 detected, state 2
WRN 2026-10-02T14:45:00.940 ui.2634    tui_handle_term_mode:226: TUI: terminal mode 69 unavailable, state 0
WRN 2026-10-02T14:45:00.940 ui.2634    tui_handle_term_mode:239: TUI: terminal mode 2026 detected, state 2
WRN 2026-10-02T14:45:00.940 ui.2634    tui_handle_term_mode:226: TUI: terminal mode 2027 unavailable, state 0
WRN 2026-10-02T14:45:00.940 ui.2634    tui_handle_term_mode:239: TUI: terminal mode 2031 detected, state 2
WRN 2026-10-02T14:45:00.940 ui.2634    tui_handle_term_mode:239: TUI: terminal mode 2048 detected, state 2
WRN 2026-10-02T14:54:19.632 ui.4323    tui_handle_term_mode:226: TUI: terminal mode 69 unavailable, state 0
WRN 2026-10-02T14:54:19.632 ui.4323    tui_handle_term_mode:239: TUI: terminal mode 2026 detected, state 2
WRN 2026-10-02T14:54:19.632 ui.4323    tui_handle_term_mode:226: TUI: terminal mode 2027 unavailable, state 0
WRN 2026-10-02T14:54:19.632 ui.4323    tui_handle_term_mode:239: TUI: terminal mode 2031 detected, state 2
WRN 2026-10-02T14:54:19.632 ui.4323    tui_handle_term_mode:239: TUI: terminal mode 2048 detected, state 2
WRN 2026-10-02T14:55:10.208 ui.4662    tui_handle_term_mode:226: TUI: terminal mode 69 unavailable, state 0
WRN 2026-10-02T14:55:10.208 ui.4662    tui_handle_term_mode:239: TUI: terminal mode 2026 detected, state 2
WRN 2026-10-02T14:55:10.208 ui.4662    tui_handle_term_mode:226: TUI: terminal mode 2027 unavailable, state 0
WRN 2026-10-02T14:55:10.208 ui.4662    tui_handle_term_mode:239: TUI: terminal mode 2031 detected, state 2
WRN 2026-10-02T14:55:10.208 ui.4662    tui_handle_term_mode:239: TUI: terminal mode 2048 detected, state 2
WRN 2026-10-02T14:56:24.897 ui.5218    tui_handle_term_mode:226: TUI: terminal mode 69 unavailable, state 0
WRN 2026-10-02T14:56:24.897 ui.5218    tui_handle_term_mode:239: TUI: terminal mode 2026 detected, state 2
WRN 2026-10-02T14:56:24.897 ui.5218    tui_handle_term_mode:226: TUI: terminal mode 2027 unavailable, state 0
WRN 2026-10-02T14:56:24.897 ui.5218    tui_handle_term_mode:239: TUI: terminal mode 2031 detected, state 2
WRN 2026-10-02T14:56:24.897 ui.5218    tui_handle_term_mode:239: TUI: terminal mode 2048 detected, state 2
WRN 2026-10-02T14:58:09.220 ui.5788    tui_handle_term_mode:226: TUI: terminal mode 69 unavailable, state 0
WRN 2026-10-02T14:58:09.220 ui.5788    tui_handle_term_mode:239: TUI: terminal mode 2026 detected, state 2
WRN 2026-10-02T14:58:09.220 ui.5788    tui_handle_term_mode:226: TUI: terminal mode 2027 unavailable, state 0
WRN 2026-10-02T14:58:09.220 ui.5788    tui_handle_term_mode:239: TUI: terminal mode 2031 detected, state 2
WRN 2026-10-02T14:58:09.220 ui.5788    tui_handle_term_mode:239: TUI: terminal mode 2048 detected, state 2
WRN 2026-10-02T14:59:31.859 ui.6262    tui_handle_term_mode:226: TUI: terminal mode 69 unavailable, state 0
WRN 2026-10-02T14:59:31.859 ui.6262    tui_handle_term_mode:239: TUI: terminal mode 2026 detected, state 2
WRN 2026-10-02T14:59:31.859 ui.6262    tui_handle_term_mode:226: TUI: terminal mode 2027 unavailable, state 0
WRN 2026-10-02T14:59:31.859 ui.6262    tui_handle_term_mode:239: TUI: terminal mode 2031 detected, state 2
WRN 2026-10-02T14:59:31.859 ui.6262    tui_handle_term_mode:239: TUI: terminal mode 2048 detected, state 2
WRN 2026-10-02T15:01:27.643 ui.6927    tui_handle_term_mode:226: TUI: terminal mode 69 unavailable, state 0
WRN 2026-10-02T15:01:27.643 ui.6927    tui_handle_term_mode:239: TUI: terminal mode 2026 detected, state 2
WRN 2026-10-02T15:01:27.643 ui.6927    tui_handle_term_mode:226: TUI: terminal mode 2027 unavailable, state 0
WRN 2026-10-02T15:01:27.643 ui.6927    tui_handle_term_mode:239: TUI: terminal mode 2031 detected, state 2
WRN 2026-10-02T15:01:27.643 ui.6927    tui_handle_term_mode:239: TUI: terminal mode 2048 detected, state 2
WRN 2026-10-02T15:02:03.351 ui.7290    tui_handle_term_mode:226: TUI: terminal mode 69 unavailable, state 0
WRN 2026-10-02T15:02:03.351 ui.7290    tui_handle_term_mode:239: TUI: terminal mode 2026 detected, state 2
WRN 2026-10-02T15:02:03.351 ui.7290    tui_handle_term_mode:226: TUI: terminal mode 2027 unavailable, state 0
WRN 2026-10-02T15:02:03.351 ui.7290    tui_handle_term_mode:239: TUI: terminal mode 2031 detected, state 2
WRN 2026-10-02T15:02:03.352 ui.7290    tui_handle_term_mode:239: TUI: terminal mode 2048 detected, state 2
WRN 2026-10-02T19:06:37.565 ui.92146   tui_handle_term_mode:226: TUI: terminal mode 69 unavailable, state 0
WRN 2026-10-02T19:06:37.565 ui.92146   tui_handle_term_mode:239: TUI: terminal mode 2026 detected, state 2
WRN 2026-10-02T19:06:37.565 ui.92146   tui_handle_term_mode:226: TUI: terminal mode 2027 unavailable, state 0
WRN 2026-10-02T19:06:37.565 ui.92146   tui_handle_term_mode:239: TUI: terminal mode 2031 detected, state 2
WRN 2026-10-02T19:06:37.565 ui.92146   tui_handle_term_mode:239: TUI: terminal mode 2048 detected, state 2
WRN 2026-10-02T19:07:55.356 ui.92827   tui_handle_term_mode:226: TUI: terminal mode 69 unavailable, state 0
WRN 2026-10-02T19:07:55.356 ui.92827   tui_handle_term_mode:239: TUI: terminal mode 2026 detected, state 2
WRN 2026-10-02T19:07:55.356 ui.92827   tui_handle_term_mode:226: TUI: terminal mode 2027 unavailable, state 0
WRN 2026-10-02T19:07:55.356 ui.92827   tui_handle_term_mode:239: TUI: terminal mode 2031 detected, state 2
WRN 2026-10-02T19:07:55.356 ui.92827   tui_handle_term_mode:239: TUI: terminal mode 2048 detected, state 2
WRN 2026-10-02T19:11:24.853 ui.93928   tui_handle_term_mode:226: TUI: terminal mode 69 unavailable, state 0
WRN 2026-10-02T19:11:24.853 ui.93928   tui_handle_term_mode:239: TUI: terminal mode 2026 detected, state 2
WRN 2026-10-02T19:11:24.853 ui.93928   tui_handle_term_mode:226: TUI: terminal mode 2027 unavailable, state 0
WRN 2026-10-02T19:11:24.853 ui.93928   tui_handle_term_mode:239: TUI: terminal mode 2031 detected, state 2
WRN 2026-10-02T19:11:24.853 ui.93928   tui_handle_term_mode:239: TUI: terminal mode 2048 detected, state 2
WRN 2026-10-02T19:19:48.435 ui.98433   tui_handle_term_mode:226: TUI: terminal mode 69 unavailable, state 0
WRN 2026-10-02T19:19:48.435 ui.98433   tui_handle_term_mode:239: TUI: terminal mode 2026 detected, state 2
WRN 2026-10-02T19:19:48.435 ui.98433   tui_handle_term_mode:226: TUI: terminal mode 2027 unavailable, state 0
WRN 2026-10-02T19:19:48.435 ui.98433   tui_handle_term_mode:239: TUI: terminal mode 2031 detected, state 2
WRN 2026-10-02T19:19:48.435 ui.98433   tui_handle_term_mode:239: TUI: terminal mode 2048 detected, state 2
WRN 2026-10-02T19:21:10.196 ui.98930   tui_handle_term_mode:226: TUI: terminal mode 69 unavailable, state 0
WRN 2026-10-02T19:21:10.197 ui.98930   tui_handle_term_mode:239: TUI: terminal mode 2026 detected, state 2
WRN 2026-10-02T19:21:10.197 ui.98930   tui_handle_term_mode:226: TUI: terminal mode 2027 unavailable, state 0
WRN 2026-10-02T19:21:10.197 ui.98930   tui_handle_term_mode:239: TUI: terminal mode 2031 detected, state 2
WRN 2026-10-02T19:21:10.197 ui.98930   tui_handle_term_mode:239: TUI: terminal mode 2048 detected, state 2
WRN 2026-10-02T19:23:32.107 ui.100369  tui_handle_term_mode:226: TUI: terminal mode 69 unavailable, state 0
WRN 2026-10-02T19:23:32.107 ui.100369  tui_handle_term_mode:239: TUI: terminal mode 2026 detected, state 2
WRN 2026-10-02T19:23:32.107 ui.100369  tui_handle_term_mode:226: TUI: terminal mode 2027 unavailable, state 0
WRN 2026-10-02T19:23:32.107 ui.100369  tui_handle_term_mode:239: TUI: terminal mode 2031 detected, state 2
WRN 2026-10-02T19:23:32.107 ui.100369  tui_handle_term_mode:239: TUI: terminal mode 2048 detected, state 2
WRN 2026-10-02T19:30:30.536 ui.103651  tui_handle_term_mode:226: TUI: terminal mode 69 unavailable, state 0
WRN 2026-10-02T19:30:30.536 ui.103651  tui_handle_term_mode:239: TUI: terminal mode 2026 detected, state 2
WRN 2026-10-02T19:30:30.536 ui.103651  tui_handle_term_mode:226: TUI: terminal mode 2027 unavailable, state 0
WRN 2026-10-02T19:30:30.536 ui.103651  tui_handle_term_mode:239: TUI: terminal mode 2031 detected, state 2
WRN 2026-10-02T19:30:30.536 ui.103651  tui_handle_term_mode:239: TUI: terminal mode 2048 detected, state 2
WRN 2026-10-02T19:32:07.633 ui.104842  tui_handle_term_mode:226: TUI: terminal mode 69 unavailable, state 0
WRN 2026-10-02T19:32:07.633 ui.104842  tui_handle_term_mode:239: TUI: terminal mode 2026 detected, state 2
WRN 2026-10-02T19:32:07.633 ui.104842  tui_handle_term_mode:226: TUI: terminal mode 2027 unavailable, state 0
WRN 2026-10-02T19:32:07.633 ui.104842  tui_handle_term_mode:239: TUI: terminal mode 2031 detected, state 2
WRN 2026-10-02T19:32:07.633 ui.104842  tui_handle_term_mode:239: TUI: terminal mode 2048 detected, state 2
WRN 2026-10-02T19:33:03.071 ui.105540  tui_handle_term_mode:226: TUI: terminal mode 69 unavailable, state 0
WRN 2026-10-02T19:33:03.071 ui.105540  tui_handle_term_mode:239: TUI: terminal mode 2026 detected, state 2
WRN 2026-10-02T19:33:03.071 ui.105540  tui_handle_term_mode:226: TUI: terminal mode 2027 unavailable, state 0
WRN 2026-10-02T19:33:03.071 ui.105540  tui_handle_term_mode:239: TUI: terminal mode 2031 detected, state 2
WRN 2026-10-02T19:33:03.071 ui.105540  tui_handle_term_mode:239: TUI: terminal mode 2048 detected, state 2
WRN 2026-10-02T19:33:53.091 ui.105887  tui_handle_term_mode:226: TUI: terminal mode 69 unavailable, state 0
WRN 2026-10-02T19:33:53.091 ui.105887  tui_handle_term_mode:239: TUI: terminal mode 2026 detected, state 2
WRN 2026-10-02T19:33:53.091 ui.105887  tui_handle_term_mode:226: TUI: terminal mode 2027 unavailable, state 0
WRN 2026-10-02T19:33:53.091 ui.105887  tui_handle_term_mode:239: TUI: terminal mode 2031 detected, state 2
WRN 2026-10-02T19:33:53.091 ui.105887  tui_handle_term_mode:239: TUI: terminal mode 2048 detected, state 2
WRN 2026-10-02T19:35:00.876 ui.106307  tui_handle_term_mode:226: TUI: terminal mode 69 unavailable, state 0
WRN 2026-10-02T19:35:00.876 ui.106307  tui_handle_term_mode:239: TUI: terminal mode 2026 detected, state 2
WRN 2026-10-02T19:35:00.876 ui.106307  tui_handle_term_mode:226: TUI: terminal mode 2027 unavailable, state 0
WRN 2026-10-02T19:35:00.876 ui.106307  tui_handle_term_mode:239: TUI: terminal mode 2031 detected, state 2
WRN 2026-10-02T19:35:00.876 ui.106307  tui_handle_term_mode:239: TUI: terminal mode 2048 detected, state 2
WRN 2026-10-02T19:35:25.036 ui.106490  tui_handle_term_mode:226: TUI: terminal mode 69 unavailable, state 0
WRN 2026-10-02T19:35:25.036 ui.106490  tui_handle_term_mode:239: TUI: terminal mode 2026 detected, state 2
WRN 2026-10-02T19:35:25.036 ui.106490  tui_handle_term_mode:226: TUI: terminal mode 2027 unavailable, state 0
WRN 2026-10-02T19:35:25.036 ui.106490  tui_handle_term_mode:239: TUI: terminal mode 2031 detected, state 2
WRN 2026-10-02T19:35:25.036 ui.106490  tui_handle_term_mode:239: TUI: terminal mode 2048 detected, state 2
WRN 2026-10-02T19:36:26.230 ui.106838  tui_handle_term_mode:226: TUI: terminal mode 69 unavailable, state 0
WRN 2026-10-02T19:36:26.230 ui.106838  tui_handle_term_mode:239: TUI: terminal mode 2026 detected, state 2
WRN 2026-10-02T19:36:26.230 ui.106838  tui_handle_term_mode:226: TUI: terminal mode 2027 unavailable, state 0
WRN 2026-10-02T19:36:26.230 ui.106838  tui_handle_term_mode:239: TUI: terminal mode 2031 detected, state 2
WRN 2026-10-02T19:36:26.230 ui.106838  tui_handle_term_mode:239: TUI: terminal mode 2048 detected, state 2
WRN 2026-10-02T19:37:14.899 ui.107139  tui_handle_term_mode:226: TUI: terminal mode 69 unavailable, state 0
WRN 2026-10-02T19:37:14.899 ui.107139  tui_handle_term_mode:239: TUI: terminal mode 2026 detected, state 2
WRN 2026-10-02T19:37:14.899 ui.107139  tui_handle_term_mode:226: TUI: terminal mode 2027 unavailable, state 0
WRN 2026-10-02T19:37:14.899 ui.107139  tui_handle_term_mode:239: TUI: terminal mode 2031 detected, state 2
WRN 2026-10-02T19:37:14.899 ui.107139  tui_handle_term_mode:239: TUI: terminal mode 2048 detected, state 2
WRN 2026-10-02T19:37:53.209 ui.107565  tui_handle_term_mode:226: TUI: terminal mode 69 unavailable, state 0
WRN 2026-10-02T19:37:53.209 ui.107565  tui_handle_term_mode:239: TUI: terminal mode 2026 detected, state 2
WRN 2026-10-02T19:37:53.209 ui.107565  tui_handle_term_mode:226: TUI: terminal mode 2027 unavailable, state 0
WRN 2026-10-02T19:37:53.209 ui.107565  tui_handle_term_mode:239: TUI: terminal mode 2031 detected, state 2
WRN 2026-10-02T19:37:53.209 ui.107565  tui_handle_term_mode:239: TUI: terminal mode 2048 detected, state 2
WRN 2026-10-02T19:38:06.223 ui.107706  tui_handle_term_mode:226: TUI: terminal mode 69 unavailable, state 0
WRN 2026-10-02T19:38:06.223 ui.107706  tui_handle_term_mode:239: TUI: terminal mode 2026 detected, state 2
WRN 2026-10-02T19:38:06.223 ui.107706  tui_handle_term_mode:226: TUI: terminal mode 2027 unavailable, state 0
WRN 2026-10-02T19:38:06.223 ui.107706  tui_handle_term_mode:239: TUI: terminal mode 2031 detected, state 2
WRN 2026-10-02T19:38:06.223 ui.107706  tui_handle_term_mode:239: TUI: terminal mode 2048 detected, state 2
WRN 2026-10-02T19:41:04.820 ui.108556  tui_handle_term_mode:226: TUI: terminal mode 69 unavailable, state 0
WRN 2026-10-02T19:41:04.820 ui.108556  tui_handle_term_mode:239: TUI: terminal mode 2026 detected, state 2
WRN 2026-10-02T19:41:04.820 ui.108556  tui_handle_term_mode:226: TUI: terminal mode 2027 unavailable, state 0
WRN 2026-10-02T19:41:04.820 ui.108556  tui_handle_term_mode:239: TUI: terminal mode 2031 detected, state 2
WRN 2026-10-02T19:41:04.820 ui.108556  tui_handle_term_mode:239: TUI: terminal mode 2048 detected, state 2
WRN 2026-10-02T19:43:23.362 ui.109384  tui_handle_term_mode:226: TUI: terminal mode 69 unavailable, state 0
WRN 2026-10-02T19:43:23.362 ui.109384  tui_handle_term_mode:239: TUI: terminal mode 2026 detected, state 2
WRN 2026-10-02T19:43:23.362 ui.109384  tui_handle_term_mode:226: TUI: terminal mode 2027 unavailable, state 0
WRN 2026-10-02T19:43:23.362 ui.109384  tui_handle_term_mode:239: TUI: terminal mode 2031 detected, state 2
WRN 2026-10-02T19:43:23.362 ui.109384  tui_handle_term_mode:239: TUI: terminal mode 2048 detected, state 2
WRN 2026-10-02T19:43:53.081 ui.109585  tui_handle_term_mode:226: TUI: terminal mode 69 unavailable, state 0
WRN 2026-10-02T19:43:53.081 ui.109585  tui_handle_term_mode:239: TUI: terminal mode 2026 detected, state 2
WRN 2026-10-02T19:43:53.081 ui.109585  tui_handle_term_mode:226: TUI: terminal mode 2027 unavailable, state 0
WRN 2026-10-02T19:43:53.081 ui.109585  tui_handle_term_mode:239: TUI: terminal mode 2031 detected, state 2
WRN 2026-10-02T19:43:53.081 ui.109585  tui_handle_term_mode:239: TUI: terminal mode 2048 detected, state 2
WRN 2026-10-02T19:46:12.959 ui.110315  tui_handle_term_mode:226: TUI: terminal mode 69 unavailable, state 0
WRN 2026-10-02T19:46:12.959 ui.110315  tui_handle_term_mode:239: TUI: terminal mode 2026 detected, state 2
WRN 2026-10-02T19:46:12.959 ui.110315  tui_handle_term_mode:226: TUI: terminal mode 2027 unavailable, state 0
WRN 2026-10-02T19:46:12.959 ui.110315  tui_handle_term_mode:239: TUI: terminal mode 2031 detected, state 2
WRN 2026-10-02T19:46:12.959 ui.110315  tui_handle_term_mode:239: TUI: terminal mode 2048 detected, state 2
WRN 2026-10-02T19:46:18.310 ui.110397  tui_handle_term_mode:226: TUI: terminal mode 69 unavailable, state 0
WRN 2026-10-02T19:46:18.310 ui.110397  tui_handle_term_mode:239: TUI: terminal mode 2026 detected, state 2
WRN 2026-10-02T19:46:18.310 ui.110397  tui_handle_term_mode:226: TUI: terminal mode 2027 unavailable, state 0
WRN 2026-10-02T19:46:18.310 ui.110397  tui_handle_term_mode:239: TUI: terminal mode 2031 detected, state 2
WRN 2026-10-02T19:46:18.310 ui.110397  tui_handle_term_mode:239: TUI: terminal mode 2048 detected, state 2
WRN 2026-10-02T19:46:37.108 ui.110596  tui_handle_term_mode:226: TUI: terminal mode 69 unavailable, state 0
WRN 2026-10-02T19:46:37.108 ui.110596  tui_handle_term_mode:239: TUI: terminal mode 2026 detected, state 2
WRN 2026-10-02T19:46:37.108 ui.110596  tui_handle_term_mode:226: TUI: terminal mode 2027 unavailable, state 0
WRN 2026-10-02T19:46:37.108 ui.110596  tui_handle_term_mode:239: TUI: terminal mode 2031 detected, state 2
WRN 2026-10-02T19:46:37.108 ui.110596  tui_handle_term_mode:239: TUI: terminal mode 2048 detected, state 2
WRN 2026-10-03T13:02:24.862 ui.22653   tui_handle_term_mode:226: TUI: terminal mode 69 unavailable, state 0
WRN 2026-10-03T13:02:24.863 ui.22653   tui_handle_term_mode:239: TUI: terminal mode 2026 detected, state 2
WRN 2026-10-03T13:02:24.863 ui.22653   tui_handle_term_mode:226: TUI: terminal mode 2027 unavailable, state 0
WRN 2026-10-03T13:02:24.863 ui.22653   tui_handle_term_mode:239: TUI: terminal mode 2031 detected, state 2
WRN 2026-10-03T13:02:24.863 ui.22653   tui_handle_term_mode:239: TUI: terminal mode 2048 detected, state 2
WRN 2026-10-03T13:46:53.840 ui.51038   tui_handle_term_mode:226: TUI: terminal mode 69 unavailable, state 0
WRN 2026-10-03T13:46:53.841 ui.51038   tui_handle_term_mode:239: TUI: terminal mode 2026 detected, state 2
WRN 2026-10-03T13:46:53.841 ui.51038   tui_handle_term_mode:226: TUI: terminal mode 2027 unavailable, state 0
WRN 2026-10-03T13:46:53.841 ui.51038   tui_handle_term_mode:239: TUI: terminal mode 2031 detected, state 2
WRN 2026-10-03T13:46:53.841 ui.51038   tui_handle_term_mode:239: TUI: terminal mode 2048 detected, state 2
WRN 2026-10-03T20:44:47.321 ui.212154  tui_handle_term_mode:226: TUI: terminal mode 69 unavailable, state 0
WRN 2026-10-03T20:44:47.322 ui.212154  tui_handle_term_mode:239: TUI: terminal mode 2026 detected, state 2
WRN 2026-10-03T20:44:47.322 ui.212154  tui_handle_term_mode:226: TUI: terminal mode 2027 unavailable, state 0
WRN 2026-10-03T20:44:47.322 ui.212154  tui_handle_term_mode:239: TUI: terminal mode 2031 detected, state 2
WRN 2026-10-03T20:44:47.322 ui.212154  tui_handle_term_mode:239: TUI: terminal mode 2048 detected, state 2
WRN 2026-10-04T09:18:21.748 ui.16868   tui_handle_term_mode:226: TUI: terminal mode 69 unavailable, state 0
WRN 2026-10-04T09:18:21.749 ui.16868   tui_handle_term_mode:239: TUI: terminal mode 2026 detected, state 2
WRN 2026-10-04T09:18:21.749 ui.16868   tui_handle_term_mode:226: TUI: terminal mode 2027 unavailable, state 0
WRN 2026-10-04T09:18:21.749 ui.16868   tui_handle_term_mode:239: TUI: terminal mode 2031 detected, state 2
WRN 2026-10-04T09:18:21.749 ui.16868   tui_handle_term_mode:239: TUI: terminal mode 2048 detected, state 2
WRN 2026-10-04T09:20:56.467 ui.18235   tui_handle_term_mode:226: TUI: terminal mode 69 unavailable, state 0
WRN 2026-10-04T09:20:56.467 ui.18235   tui_handle_term_mode:239: TUI: terminal mode 2026 detected, state 2
WRN 2026-10-04T09:20:56.467 ui.18235   tui_handle_term_mode:226: TUI: terminal mode 2027 unavailable, state 0
WRN 2026-10-04T09:20:56.467 ui.18235   tui_handle_term_mode:239: TUI: terminal mode 2031 detected, state 2
WRN 2026-10-04T09:20:56.467 ui.18235   tui_handle_term_mode:239: TUI: terminal mode 2048 detected, state 2
WRN 2026-10-04T10:13:57.824 ui.40175   tui_handle_term_mode:226: TUI: terminal mode 69 unavailable, state 0
WRN 2026-10-04T10:13:57.824 ui.40175   tui_handle_term_mode:239: TUI: terminal mode 2026 detected, state 2
WRN 2026-10-04T10:13:57.824 ui.40175   tui_handle_term_mode:226: TUI: terminal mode 2027 unavailable, state 0
WRN 2026-10-04T10:13:57.824 ui.40175   tui_handle_term_mode:239: TUI: terminal mode 2031 detected, state 2
WRN 2026-10-04T10:13:57.824 ui.40175   tui_handle_term_mode:239: TUI: terminal mode 2048 detected, state 2
WRN 2026-10-04T10:15:05.612 ui.40554   tui_handle_term_mode:226: TUI: terminal mode 69 unavailable, state 0
WRN 2026-10-04T10:15:05.612 ui.40554   tui_handle_term_mode:239: TUI: terminal mode 2026 detected, state 2
WRN 2026-10-04T10:15:05.612 ui.40554   tui_handle_term_mode:226: TUI: terminal mode 2027 unavailable, state 0
WRN 2026-10-04T10:15:05.612 ui.40554   tui_handle_term_mode:239: TUI: terminal mode 2031 detected, state 2
WRN 2026-10-04T10:15:05.612 ui.40554   tui_handle_term_mode:239: TUI: terminal mode 2048 detected, state 2
WRN 2026-10-04T10:16:37.174 ui.41143   tui_handle_term_mode:226: TUI: terminal mode 69 unavailable, state 0
WRN 2026-10-04T10:16:37.174 ui.41143   tui_handle_term_mode:239: TUI: terminal mode 2026 detected, state 2
WRN 2026-10-04T10:16:37.174 ui.41143   tui_handle_term_mode:226: TUI: terminal mode 2027 unavailable, state 0
WRN 2026-10-04T10:16:37.174 ui.41143   tui_handle_term_mode:239: TUI: terminal mode 2031 detected, state 2
WRN 2026-10-04T10:16:37.174 ui.41143   tui_handle_term_mode:239: TUI: terminal mode 2048 detected, state 2
WRN 2026-10-04T13:29:27.017 ui.126856  tui_handle_term_mode:226: TUI: terminal mode 69 unavailable, state 0
WRN 2026-10-04T13:29:27.018 ui.126856  tui_handle_term_mode:239: TUI: terminal mode 2026 detected, state 2
WRN 2026-10-04T13:29:27.018 ui.126856  tui_handle_term_mode:226: TUI: terminal mode 2027 unavailable, state 0
WRN 2026-10-04T13:29:27.018 ui.126856  tui_handle_term_mode:239: TUI: terminal mode 2031 detected, state 2
WRN 2026-10-04T13:29:27.018 ui.126856  tui_handle_term_mode:239: TUI: terminal mode 2048 detected, state 2
WRN 2026-10-04T13:57:26.523 ui.136675  tui_handle_term_mode:226: TUI: terminal mode 69 unavailable, state 0
WRN 2026-10-04T13:57:26.523 ui.136675  tui_handle_term_mode:239: TUI: terminal mode 2026 detected, state 2
WRN 2026-10-04T13:57:26.523 ui.136675  tui_handle_term_mode:226: TUI: terminal mode 2027 unavailable, state 0
WRN 2026-10-04T13:57:26.523 ui.136675  tui_handle_term_mode:239: TUI: terminal mode 2031 detected, state 2
WRN 2026-10-04T13:57:26.523 ui.136675  tui_handle_term_mode:239: TUI: terminal mode 2048 detected, state 2
WRN 2026-10-04T13:59:49.614 ui.137699  tui_handle_term_mode:226: TUI: terminal mode 69 unavailable, state 0
WRN 2026-10-04T13:59:49.614 ui.137699  tui_handle_term_mode:239: TUI: terminal mode 2026 detected, state 2
WRN 2026-10-04T13:59:49.614 ui.137699  tui_handle_term_mode:226: TUI: terminal mode 2027 unavailable, state 0
WRN 2026-10-04T13:59:49.614 ui.137699  tui_handle_term_mode:239: TUI: terminal mode 2031 detected, state 2
WRN 2026-10-04T13:59:49.614 ui.137699  tui_handle_term_mode:239: TUI: terminal mode 2048 detected, state 2
WRN 2026-10-04T14:22:54.137 ui.148821  tui_handle_term_mode:226: TUI: terminal mode 69 unavailable, state 0
WRN 2026-10-04T14:22:54.137 ui.148821  tui_handle_term_mode:239: TUI: terminal mode 2026 detected, state 2
WRN 2026-10-04T14:22:54.137 ui.148821  tui_handle_term_mode:226: TUI: terminal mode 2027 unavailable, state 0
WRN 2026-10-04T14:22:54.137 ui.148821  tui_handle_term_mode:239: TUI: terminal mode 2031 detected, state 2
WRN 2026-10-04T14:22:54.137 ui.148821  tui_handle_term_mode:239: TUI: terminal mode 2048 detected, state 2
WRN 2026-10-04T14:34:12.559 ui.163315  tui_handle_term_mode:226: TUI: terminal mode 69 unavailable, state 0
WRN 2026-10-04T14:34:12.559 ui.163315  tui_handle_term_mode:239: TUI: terminal mode 2026 detected, state 2
WRN 2026-10-04T14:34:12.559 ui.163315  tui_handle_term_mode:226: TUI: terminal mode 2027 unavailable, state 0
WRN 2026-10-04T14:34:12.559 ui.163315  tui_handle_term_mode:239: TUI: terminal mode 2031 detected, state 2
WRN 2026-10-04T14:34:12.559 ui.163315  tui_handle_term_mode:239: TUI: terminal mode 2048 detected, state 2
WRN 2026-10-04T14:35:30.874 ui.164050  tui_handle_term_mode:226: TUI: terminal mode 69 unavailable, state 0
WRN 2026-10-04T14:35:30.874 ui.164050  tui_handle_term_mode:239: TUI: terminal mode 2026 detected, state 2
WRN 2026-10-04T14:35:30.874 ui.164050  tui_handle_term_mode:226: TUI: terminal mode 2027 unavailable, state 0
WRN 2026-10-04T14:35:30.874 ui.164050  tui_handle_term_mode:239: TUI: terminal mode 2031 detected, state 2
WRN 2026-10-04T14:35:30.874 ui.164050  tui_handle_term_mode:239: TUI: terminal mode 2048 detected, state 2
WRN 2026-10-04T14:37:10.468 ui.164981  tui_handle_term_mode:226: TUI: terminal mode 69 unavailable, state 0
WRN 2026-10-04T14:37:10.468 ui.164981  tui_handle_term_mode:239: TUI: terminal mode 2026 detected, state 2
WRN 2026-10-04T14:37:10.468 ui.164981  tui_handle_term_mode:226: TUI: terminal mode 2027 unavailable, state 0
WRN 2026-10-04T14:37:10.468 ui.164981  tui_handle_term_mode:239: TUI: terminal mode 2031 detected, state 2
WRN 2026-10-04T14:37:10.468 ui.164981  tui_handle_term_mode:239: TUI: terminal mode 2048 detected, state 2
WRN 2026-10-04T14:40:44.241 ui.166604  tui_handle_term_mode:226: TUI: terminal mode 69 unavailable, state 0
WRN 2026-10-04T14:40:44.241 ui.166604  tui_handle_term_mode:239: TUI: terminal mode 2026 detected, state 2
WRN 2026-10-04T14:40:44.241 ui.166604  tui_handle_term_mode:226: TUI: terminal mode 2027 unavailable, state 0
WRN 2026-10-04T14:40:44.241 ui.166604  tui_handle_term_mode:239: TUI: terminal mode 2031 detected, state 2
WRN 2026-10-04T14:40:44.241 ui.166604  tui_handle_term_mode:239: TUI: terminal mode 2048 detected, state 2
WRN 2026-10-04T14:41:46.433 ui.166965  tui_handle_term_mode:226: TUI: terminal mode 69 unavailable, state 0
WRN 2026-10-04T14:41:46.433 ui.166965  tui_handle_term_mode:239: TUI: terminal mode 2026 detected, state 2
WRN 2026-10-04T14:41:46.433 ui.166965  tui_handle_term_mode:226: TUI: terminal mode 2027 unavailable, state 0
WRN 2026-10-04T14:41:46.433 ui.166965  tui_handle_term_mode:239: TUI: terminal mode 2031 detected, state 2
WRN 2026-10-04T14:41:46.433 ui.166965  tui_handle_term_mode:239: TUI: terminal mode 2048 detected, state 2
WRN 2026-10-04T14:43:07.229 ui.167939  tui_handle_term_mode:226: TUI: terminal mode 69 unavailable, state 0
WRN 2026-10-04T14:43:07.229 ui.167939  tui_handle_term_mode:239: TUI: terminal mode 2026 detected, state 2
WRN 2026-10-04T14:43:07.229 ui.167939  tui_handle_term_mode:226: TUI: terminal mode 2027 unavailable, state 0
WRN 2026-10-04T14:43:07.229 ui.167939  tui_handle_term_mode:239: TUI: terminal mode 2031 detected, state 2
WRN 2026-10-04T14:43:07.229 ui.167939  tui_handle_term_mode:239: TUI: terminal mode 2048 detected, state 2
WRN 2026-10-04T14:43:46.713 ui.168216  tui_handle_term_mode:226: TUI: terminal mode 69 unavailable, state 0
WRN 2026-10-04T14:43:46.713 ui.168216  tui_handle_term_mode:239: TUI: terminal mode 2026 detected, state 2
WRN 2026-10-04T14:43:46.713 ui.168216  tui_handle_term_mode:226: TUI: terminal mode 2027 unavailable, state 0
WRN 2026-10-04T14:43:46.713 ui.168216  tui_handle_term_mode:239: TUI: terminal mode 2031 detected, state 2
WRN 2026-10-04T14:43:46.713 ui.168216  tui_handle_term_mode:239: TUI: terminal mode 2048 detected, state 2
WRN 2026-10-04T14:44:11.890 ui.168424  tui_handle_term_mode:226: TUI: terminal mode 69 unavailable, state 0
WRN 2026-10-04T14:44:11.890 ui.168424  tui_handle_term_mode:239: TUI: terminal mode 2026 detected, state 2
WRN 2026-10-04T14:44:11.890 ui.168424  tui_handle_term_mode:226: TUI: terminal mode 2027 unavailable, state 0
WRN 2026-10-04T14:44:11.890 ui.168424  tui_handle_term_mode:239: TUI: terminal mode 2031 detected, state 2
WRN 2026-10-04T14:44:11.890 ui.168424  tui_handle_term_mode:239: TUI: terminal mode 2048 detected, state 2
WRN 2026-10-04T14:44:49.029 ui.168763  tui_handle_term_mode:226: TUI: terminal mode 69 unavailable, state 0
WRN 2026-10-04T14:44:49.029 ui.168763  tui_handle_term_mode:239: TUI: terminal mode 2026 detected, state 2
WRN 2026-10-04T14:44:49.029 ui.168763  tui_handle_term_mode:226: TUI: terminal mode 2027 unavailable, state 0
WRN 2026-10-04T14:44:49.029 ui.168763  tui_handle_term_mode:239: TUI: terminal mode 2031 detected, state 2
WRN 2026-10-04T14:44:49.029 ui.168763  tui_handle_term_mode:239: TUI: terminal mode 2048 detected, state 2
WRN 2026-10-04T14:47:27.786 ui.169745  tui_handle_term_mode:226: TUI: terminal mode 69 unavailable, state 0
WRN 2026-10-04T14:47:27.786 ui.169745  tui_handle_term_mode:239: TUI: terminal mode 2026 detected, state 2
WRN 2026-10-04T14:47:27.786 ui.169745  tui_handle_term_mode:226: TUI: terminal mode 2027 unavailable, state 0
WRN 2026-10-04T14:47:27.786 ui.169745  tui_handle_term_mode:239: TUI: terminal mode 2031 detected, state 2
WRN 2026-10-04T14:47:27.786 ui.169745  tui_handle_term_mode:239: TUI: terminal mode 2048 detected, state 2
WRN 2026-10-04T14:48:18.415 ui.170117  tui_handle_term_mode:226: TUI: terminal mode 69 unavailable, state 0
WRN 2026-10-04T14:48:18.415 ui.170117  tui_handle_term_mode:239: TUI: terminal mode 2026 detected, state 2
WRN 2026-10-04T14:48:18.415 ui.170117  tui_handle_term_mode:226: TUI: terminal mode 2027 unavailable, state 0
WRN 2026-10-04T14:48:18.415 ui.170117  tui_handle_term_mode:239: TUI: terminal mode 2031 detected, state 2
WRN 2026-10-04T14:48:18.415 ui.170117  tui_handle_term_mode:239: TUI: terminal mode 2048 detected, state 2
WRN 2026-10-04T20:34:54.722 ui.6138    tui_handle_term_mode:226: TUI: terminal mode 69 unavailable, state 0
WRN 2026-10-04T20:34:54.723 ui.6138    tui_handle_term_mode:239: TUI: terminal mode 2026 detected, state 2
WRN 2026-10-04T20:34:54.723 ui.6138    tui_handle_term_mode:226: TUI: terminal mode 2027 unavailable, state 0
WRN 2026-10-04T20:34:54.723 ui.6138    tui_handle_term_mode:239: TUI: terminal mode 2031 detected, state 2
WRN 2026-10-04T20:34:54.723 ui.6138    tui_handle_term_mode:239: TUI: terminal mode 2048 detected, state 2
WRN 2026-10-04T20:35:48.320 ui.6951    tui_handle_term_mode:226: TUI: terminal mode 69 unavailable, state 0
WRN 2026-10-04T20:35:48.320 ui.6951    tui_handle_term_mode:239: TUI: terminal mode 2026 detected, state 2
WRN 2026-10-04T20:35:48.320 ui.6951    tui_handle_term_mode:226: TUI: terminal mode 2027 unavailable, state 0
WRN 2026-10-04T20:35:48.320 ui.6951    tui_handle_term_mode:239: TUI: terminal mode 2031 detected, state 2
WRN 2026-10-04T20:35:48.320 ui.6951    tui_handle_term_mode:239: TUI: terminal mode 2048 detected, state 2
WRN 2026-10-04T20:36:43.779 ui.7471    tui_handle_term_mode:226: TUI: terminal mode 69 unavailable, state 0
WRN 2026-10-04T20:36:43.779 ui.7471    tui_handle_term_mode:239: TUI: terminal mode 2026 detected, state 2
WRN 2026-10-04T20:36:43.779 ui.7471    tui_handle_term_mode:226: TUI: terminal mode 2027 unavailable, state 0
WRN 2026-10-04T20:36:43.779 ui.7471    tui_handle_term_mode:239: TUI: terminal mode 2031 detected, state 2
WRN 2026-10-04T20:36:43.779 ui.7471    tui_handle_term_mode:239: TUI: terminal mode 2048 detected, state 2
WRN 2026-10-04T20:37:32.981 ui.8479    tui_handle_term_mode:226: TUI: terminal mode 69 unavailable, state 0
WRN 2026-10-04T20:37:32.981 ui.8479    tui_handle_term_mode:239: TUI: terminal mode 2026 detected, state 2
WRN 2026-10-04T20:37:32.981 ui.8479    tui_handle_term_mode:226: TUI: terminal mode 2027 unavailable, state 0
WRN 2026-10-04T20:37:32.981 ui.8479    tui_handle_term_mode:239: TUI: terminal mode 2031 detected, state 2
WRN 2026-10-04T20:37:32.981 ui.8479    tui_handle_term_mode:239: TUI: terminal mode 2048 detected, state 2
WRN 2026-10-04T20:39:13.243 ui.9824    tui_handle_term_mode:226: TUI: terminal mode 69 unavailable, state 0
WRN 2026-10-04T20:39:13.243 ui.9824    tui_handle_term_mode:239: TUI: terminal mode 2026 detected, state 2
WRN 2026-10-04T20:39:13.243 ui.9824    tui_handle_term_mode:226: TUI: terminal mode 2027 unavailable, state 0
WRN 2026-10-04T20:39:13.243 ui.9824    tui_handle_term_mode:239: TUI: terminal mode 2031 detected, state 2
WRN 2026-10-04T20:39:13.243 ui.9824    tui_handle_term_mode:239: TUI: terminal mode 2048 detected, state 2
WRN 2026-10-04T20:40:41.399 ui.10327   tui_handle_term_mode:226: TUI: terminal mode 69 unavailable, state 0
WRN 2026-10-04T20:40:41.399 ui.10327   tui_handle_term_mode:239: TUI: terminal mode 2026 detected, state 2
WRN 2026-10-04T20:40:41.399 ui.10327   tui_handle_term_mode:226: TUI: terminal mode 2027 unavailable, state 0
WRN 2026-10-04T20:40:41.399 ui.10327   tui_handle_term_mode:239: TUI: terminal mode 2031 detected, state 2
WRN 2026-10-04T20:40:41.399 ui.10327   tui_handle_term_mode:239: TUI: terminal mode 2048 detected, state 2
WRN 2026-10-04T20:45:07.971 ui.1198    tui_handle_term_mode:226: TUI: terminal mode 69 unavailable, state 0
WRN 2026-10-04T20:45:07.971 ui.1198    tui_handle_term_mode:239: TUI: terminal mode 2026 detected, state 2
WRN 2026-10-04T20:45:07.971 ui.1198    tui_handle_term_mode:226: TUI: terminal mode 2027 unavailable, state 0
WRN 2026-10-04T20:45:07.971 ui.1198    tui_handle_term_mode:239: TUI: terminal mode 2031 detected, state 2
WRN 2026-10-04T20:45:07.971 ui.1198    tui_handle_term_mode:239: TUI: terminal mode 2048 detected, state 2
WRN 2026-10-04T20:48:00.489 ui.3870    tui_handle_term_mode:226: TUI: terminal mode 69 unavailable, state 0
WRN 2026-10-04T20:48:00.489 ui.3870    tui_handle_term_mode:239: TUI: terminal mode 2026 detected, state 2
WRN 2026-10-04T20:48:00.489 ui.3870    tui_handle_term_mode:226: TUI: terminal mode 2027 unavailable, state 0
WRN 2026-10-04T20:48:00.489 ui.3870    tui_handle_term_mode:239: TUI: terminal mode 2031 detected, state 2
WRN 2026-10-04T20:48:00.489 ui.3870    tui_handle_term_mode:239: TUI: terminal mode 2048 detected, state 2
WRN 2026-10-04T22:06:22.232 ui.42374   tui_handle_term_mode:226: TUI: terminal mode 69 unavailable, state 0
WRN 2026-10-04T22:06:22.232 ui.42374   tui_handle_term_mode:239: TUI: terminal mode 2026 detected, state 2
WRN 2026-10-04T22:06:22.232 ui.42374   tui_handle_term_mode:226: TUI: terminal mode 2027 unavailable, state 0
WRN 2026-10-04T22:06:22.232 ui.42374   tui_handle_term_mode:239: TUI: terminal mode 2031 detected, state 2
WRN 2026-10-04T22:06:22.232 ui.42374   tui_handle_term_mode:239: TUI: terminal mode 2048 detected, state 2
WRN 2026-10-04T22:09:55.069 ui.44012   tui_handle_term_mode:226: TUI: terminal mode 69 unavailable, state 0
WRN 2026-10-04T22:09:55.069 ui.44012   tui_handle_term_mode:239: TUI: terminal mode 2026 detected, state 2
WRN 2026-10-04T22:09:55.069 ui.44012   tui_handle_term_mode:226: TUI: terminal mode 2027 unavailable, state 0
WRN 2026-10-04T22:09:55.069 ui.44012   tui_handle_term_mode:239: TUI: terminal mode 2031 detected, state 2
WRN 2026-10-04T22:09:55.069 ui.44012   tui_handle_term_mode:239: TUI: terminal mode 2048 detected, state 2
WRN 2026-10-04T22:10:57.468 ui.44344   tui_handle_term_mode:226: TUI: terminal mode 69 unavailable, state 0
WRN 2026-10-04T22:10:57.468 ui.44344   tui_handle_term_mode:239: TUI: terminal mode 2026 detected, state 2
WRN 2026-10-04T22:10:57.468 ui.44344   tui_handle_term_mode:226: TUI: terminal mode 2027 unavailable, state 0
WRN 2026-10-04T22:10:57.468 ui.44344   tui_handle_term_mode:239: TUI: terminal mode 2031 detected, state 2
WRN 2026-10-04T22:10:57.468 ui.44344   tui_handle_term_mode:239: TUI: terminal mode 2048 detected, state 2
